<area shape="rect" href="$_vorbis_8hpp.html" title="/home/oivasyuv/workspace/SilentMedia/src/Audio/Codec/Vorbis/Vorbis.hpp" alt="" coords="5,80,461,107">
<area shape="rect" href="$_a_o_8cpp.html" title="/home/oivasyuv/workspace/SilentMedia/src/Audio/SoundSystem/libao/AO.cpp" alt="" coords="485,80,960,107">
<area shape="rect" href="$_sound_system_8hpp.html" title="/home/oivasyuv/workspace/SilentMedia/src/Audio/SoundSystem/SoundSystem.hpp" alt="" coords="984,80,1491,107">
<area shape="rect" href="$_audio_8hpp.html" title="/home/oivasyuv/workspace/SilentMedia/src/Audio/Audio.hpp" alt="" coords="524,155,895,181">
<area shape="rect" href="$_vorbis_8cpp.html" title="/home/oivasyuv/workspace/SilentMedia/src/Audio/Codec/Vorbis/Vorbis.cpp" alt="" coords="5,155,461,181">
<area shape="rect" href="$_audio_8cpp.html" title="/home/oivasyuv/workspace/SilentMedia/src/Audio/Audio.cpp" alt="" coords="145,229,516,256">
<area shape="rect" href="$test_2test_8cpp.html" title="/home/oivasyuv/workspace/SilentMedia/src/test/test.cpp" alt="" coords="540,229,889,256">
<area shape="rect" href="$_audio_proxy_8hpp.html" title="/home/oivasyuv/workspace/SilentMedia/src/Audio/AudioProxy.hpp" alt="" coords="996,155,1401,181">
<area shape="rect" href="$_sound_system_8cpp.html" title="/home/oivasyuv/workspace/SilentMedia/src/Audio/SoundSystem/SoundSystem.cpp" alt="" coords="1425,155,1932,181">
<area shape="rect" href="$_audio_proxy_8cpp.html" title="/home/oivasyuv/workspace/SilentMedia/src/Audio/AudioProxy.cpp" alt="" coords="996,229,1401,256">
