<area shape="rect" href="$_audio_8hpp.html" title="Audio.hpp" alt="" coords="597,80,677,107">
<area shape="rect" href="$include_8hpp.html" title="include.hpp" alt="" coords="513,379,601,405">
<area shape="rect" href="$_func_8hpp.html" title="Utils/Func/Func.hpp" alt="" coords="1001,304,1140,331">
<area shape="rect" href="$_sound_system_8hpp.html" title="Audio/SoundSystem/SoundSystem.hpp" alt="" coords="5,155,256,181">
<area shape="rect" href="$_abstract_codec_8hpp.html" title="Audio/Codec/AbstractCodec.hpp" alt="" coords="337,229,548,256">
<area shape="rect" href="$_audio_info_8hpp.html" title="Audio/AudioInfo.hpp" alt="" coords="472,155,611,181">
<area shape="rect" href="$_vorbis_8hpp.html" title="Audio/Codec/Vorbis/Vorbis.hpp" alt="" coords="635,155,835,181">
<area shape="rect" href="$_abstract_sound_system_8hpp.html" title="Audio/SoundSystem/AbstractSoundSystem.hpp" alt="" coords="49,304,348,331">
<area shape="rect" href="$_a_o_8hpp.html" title="Audio/SoundSystem/libao/AO.hpp" alt="" coords="95,229,313,256">
