<area shape="rect" href="$class_silent_media_1_1_audio_1_1_audio_info.html" title="{SilentMedia::Audio::AudioInfo\n|&#45; playCheck\l&#45; fileName\l&#45; fileSize\l&#45; totalTime\l&#45; channels\l&#45; sampleRate\l&#45; bitRate\l&#45; bitsPerSample\l&#45; vorbisComm\l&#45; vorbisTags\l&#45; coverData\l&#45; _audioInfo\l|+ AudioInfo()\l+ ~AudioInfo()\l+ setAudioParams()\l+ getVorbisComment()\l+ setVorbisComment()\l+ getFileSize()\l+ getTotalTime()\l+ getChannels()\l+ getSampleRate()\l+ getBitRate()\l+ getBitsPerSample()\l+ play()\l+ Instance()\l}" alt="" coords="5,213,197,661">
<area shape="rect" href="$class_silent_media_1_1_audio_1_1_sound_system_1_1_sound_system.html" title="{SilentMedia::Audio::SoundSystem::SoundSystem\n|&#45; ao\l&#45; _soundSystem\l|+ SoundSystem()\l+ ~SoundSystem()\l+ init()\l+ setParams()\l+ play()\l+ Instance()\l}" alt="" coords="305,349,615,525">
<area shape="rect" href="$class_silent_media_1_1_audio_1_1_sound_system_1_1_abstract_sound_system.html" title="{SilentMedia::Audio::SoundSystem::AbstractSoundSystem\n||+ AbstractSoundSystem()\l+ ~AbstractSoundSystem()\l+ init()\l+ setParams()\l+ play()\l}" alt="" coords="280,5,640,149">
